// Jest Snapshot v1, https://goo.gl/fbAQLP

exports[`static site creates bucket 1`] = `
Object {
  "Outputs": Object {
    "testStaticSite3E4991B7": Object {
      "Value": "https://www.test.com",
    },
    "testStaticSiteBucket07DA531C": Object {
      "Value": Object {
        "Ref": "testStaticSitetablifyprodbucketEBCA2C99",
      },
    },
    "testStaticSiteCertificate226A8652": Object {
      "Value": Object {
        "Fn::GetAtt": Array [
          "testStaticSitetablifyprodcertCertificateRequestorResource3A3455F6",
          "Arn",
        ],
      },
    },
    "testStaticSiteDistributionId9F129477": Object {
      "Value": Object {
        "Ref": "testStaticSitetablifyproddistributionCFDistribution9A8A7215",
      },
    },
  },
  "Parameters": Object {
    "AssetParameters19e461d2ff1a5b90438fed6ceee4c197d7efee8712a6f76d85b501ab20bfb1a2ArtifactHash652C125C": Object {
      "Description": "Artifact hash for asset \\"19e461d2ff1a5b90438fed6ceee4c197d7efee8712a6f76d85b501ab20bfb1a2\\"",
      "Type": "String",
    },
    "AssetParameters19e461d2ff1a5b90438fed6ceee4c197d7efee8712a6f76d85b501ab20bfb1a2S3BucketFCCD3A76": Object {
      "Description": "S3 bucket for asset \\"19e461d2ff1a5b90438fed6ceee4c197d7efee8712a6f76d85b501ab20bfb1a2\\"",
      "Type": "String",
    },
    "AssetParameters19e461d2ff1a5b90438fed6ceee4c197d7efee8712a6f76d85b501ab20bfb1a2S3VersionKey07AF06B6": Object {
      "Description": "S3 key for asset version \\"19e461d2ff1a5b90438fed6ceee4c197d7efee8712a6f76d85b501ab20bfb1a2\\"",
      "Type": "String",
    },
    "AssetParameters4184245adc1f2ed71e1f0ae5719f8fd7f34324b750f1bf06b2fb5cf1f4014f50ArtifactHash846130E4": Object {
      "Description": "Artifact hash for asset \\"4184245adc1f2ed71e1f0ae5719f8fd7f34324b750f1bf06b2fb5cf1f4014f50\\"",
      "Type": "String",
    },
    "AssetParameters4184245adc1f2ed71e1f0ae5719f8fd7f34324b750f1bf06b2fb5cf1f4014f50S3BucketB6159468": Object {
      "Description": "S3 bucket for asset \\"4184245adc1f2ed71e1f0ae5719f8fd7f34324b750f1bf06b2fb5cf1f4014f50\\"",
      "Type": "String",
    },
    "AssetParameters4184245adc1f2ed71e1f0ae5719f8fd7f34324b750f1bf06b2fb5cf1f4014f50S3VersionKey2060CAC0": Object {
      "Description": "S3 key for asset version \\"4184245adc1f2ed71e1f0ae5719f8fd7f34324b750f1bf06b2fb5cf1f4014f50\\"",
      "Type": "String",
    },
    "AssetParametersb103d049d9e8f1b490264222976241c73b1f20519fb69b814a999d8636fb02f1ArtifactHash8A3F0E30": Object {
      "Description": "Artifact hash for asset \\"b103d049d9e8f1b490264222976241c73b1f20519fb69b814a999d8636fb02f1\\"",
      "Type": "String",
    },
    "AssetParametersb103d049d9e8f1b490264222976241c73b1f20519fb69b814a999d8636fb02f1S3Bucket4593222B": Object {
      "Description": "S3 bucket for asset \\"b103d049d9e8f1b490264222976241c73b1f20519fb69b814a999d8636fb02f1\\"",
      "Type": "String",
    },
    "AssetParametersb103d049d9e8f1b490264222976241c73b1f20519fb69b814a999d8636fb02f1S3VersionKey3728D0D2": Object {
      "Description": "S3 key for asset version \\"b103d049d9e8f1b490264222976241c73b1f20519fb69b814a999d8636fb02f1\\"",
      "Type": "String",
    },
  },
  "Resources": Object {
    "CustomCDKBucketDeployment8693BB64968944B69AAFB0CC9EB8756C81C01536": Object {
      "DependsOn": Array [
        "CustomCDKBucketDeployment8693BB64968944B69AAFB0CC9EB8756CServiceRoleDefaultPolicy88902FDF",
        "CustomCDKBucketDeployment8693BB64968944B69AAFB0CC9EB8756CServiceRole89A01265",
      ],
      "Properties": Object {
        "Code": Object {
          "S3Bucket": Object {
            "Ref": "AssetParameters4184245adc1f2ed71e1f0ae5719f8fd7f34324b750f1bf06b2fb5cf1f4014f50S3BucketB6159468",
          },
          "S3Key": Object {
            "Fn::Join": Array [
              "",
              Array [
                Object {
                  "Fn::Select": Array [
                    0,
                    Object {
                      "Fn::Split": Array [
                        "||",
                        Object {
                          "Ref": "AssetParameters4184245adc1f2ed71e1f0ae5719f8fd7f34324b750f1bf06b2fb5cf1f4014f50S3VersionKey2060CAC0",
                        },
                      ],
                    },
                  ],
                },
                Object {
                  "Fn::Select": Array [
                    1,
                    Object {
                      "Fn::Split": Array [
                        "||",
                        Object {
                          "Ref": "AssetParameters4184245adc1f2ed71e1f0ae5719f8fd7f34324b750f1bf06b2fb5cf1f4014f50S3VersionKey2060CAC0",
                        },
                      ],
                    },
                  ],
                },
              ],
            ],
          },
        },
        "Handler": "index.handler",
        "Role": Object {
          "Fn::GetAtt": Array [
            "CustomCDKBucketDeployment8693BB64968944B69AAFB0CC9EB8756CServiceRole89A01265",
            "Arn",
          ],
        },
        "Runtime": "python3.6",
        "Timeout": 900,
      },
      "Type": "AWS::Lambda::Function",
    },
    "CustomCDKBucketDeployment8693BB64968944B69AAFB0CC9EB8756CServiceRole89A01265": Object {
      "Properties": Object {
        "AssumeRolePolicyDocument": Object {
          "Statement": Array [
            Object {
              "Action": "sts:AssumeRole",
              "Effect": "Allow",
              "Principal": Object {
                "Service": "lambda.amazonaws.com",
              },
            },
          ],
          "Version": "2012-10-17",
        },
        "ManagedPolicyArns": Array [
          Object {
            "Fn::Join": Array [
              "",
              Array [
                "arn:",
                Object {
                  "Ref": "AWS::Partition",
                },
                ":iam::aws:policy/service-role/AWSLambdaBasicExecutionRole",
              ],
            ],
          },
        ],
      },
      "Type": "AWS::IAM::Role",
    },
    "CustomCDKBucketDeployment8693BB64968944B69AAFB0CC9EB8756CServiceRoleDefaultPolicy88902FDF": Object {
      "Properties": Object {
        "PolicyDocument": Object {
          "Statement": Array [
            Object {
              "Action": Array [
                "s3:GetObject*",
                "s3:GetBucket*",
                "s3:List*",
              ],
              "Effect": "Allow",
              "Resource": Array [
                Object {
                  "Fn::Join": Array [
                    "",
                    Array [
                      "arn:",
                      Object {
                        "Ref": "AWS::Partition",
                      },
                      ":s3:::",
                      Object {
                        "Ref": "AssetParametersb103d049d9e8f1b490264222976241c73b1f20519fb69b814a999d8636fb02f1S3Bucket4593222B",
                      },
                    ],
                  ],
                },
                Object {
                  "Fn::Join": Array [
                    "",
                    Array [
                      "arn:",
                      Object {
                        "Ref": "AWS::Partition",
                      },
                      ":s3:::",
                      Object {
                        "Ref": "AssetParametersb103d049d9e8f1b490264222976241c73b1f20519fb69b814a999d8636fb02f1S3Bucket4593222B",
                      },
                      "/*",
                    ],
                  ],
                },
              ],
            },
            Object {
              "Action": Array [
                "s3:GetObject*",
                "s3:GetBucket*",
                "s3:List*",
                "s3:DeleteObject*",
                "s3:PutObject*",
                "s3:Abort*",
              ],
              "Effect": "Allow",
              "Resource": Array [
                Object {
                  "Fn::GetAtt": Array [
                    "testStaticSitetablifyprodbucketEBCA2C99",
                    "Arn",
                  ],
                },
                Object {
                  "Fn::Join": Array [
                    "",
                    Array [
                      Object {
                        "Fn::GetAtt": Array [
                          "testStaticSitetablifyprodbucketEBCA2C99",
                          "Arn",
                        ],
                      },
                      "/*",
                    ],
                  ],
                },
              ],
            },
            Object {
              "Action": Array [
                "cloudfront:GetInvalidation",
                "cloudfront:CreateInvalidation",
              ],
              "Effect": "Allow",
              "Resource": "*",
            },
          ],
          "Version": "2012-10-17",
        },
        "PolicyName": "CustomCDKBucketDeployment8693BB64968944B69AAFB0CC9EB8756CServiceRoleDefaultPolicy88902FDF",
        "Roles": Array [
          Object {
            "Ref": "CustomCDKBucketDeployment8693BB64968944B69AAFB0CC9EB8756CServiceRole89A01265",
          },
        ],
      },
      "Type": "AWS::IAM::Policy",
    },
    "testStaticSitetablifyprodbucketEBCA2C99": Object {
      "DeletionPolicy": "Retain",
      "Properties": Object {
        "BucketName": "www.test.com",
        "WebsiteConfiguration": Object {
          "ErrorDocument": "error.html",
          "IndexDocument": "index.html",
        },
      },
      "Type": "AWS::S3::Bucket",
      "UpdateReplacePolicy": "Retain",
    },
    "testStaticSitetablifyprodbucketPolicy9ADB050C": Object {
      "Properties": Object {
        "Bucket": Object {
          "Ref": "testStaticSitetablifyprodbucketEBCA2C99",
        },
        "PolicyDocument": Object {
          "Statement": Array [
            Object {
              "Action": "s3:GetObject",
              "Effect": "Allow",
              "Principal": "*",
              "Resource": Object {
                "Fn::Join": Array [
                  "",
                  Array [
                    Object {
                      "Fn::GetAtt": Array [
                        "testStaticSitetablifyprodbucketEBCA2C99",
                        "Arn",
                      ],
                    },
                    "/*",
                  ],
                ],
              },
            },
          ],
          "Version": "2012-10-17",
        },
      },
      "Type": "AWS::S3::BucketPolicy",
    },
    "testStaticSitetablifyprodcertCertificateRequestorFunctionEAD6B9FF": Object {
      "DependsOn": Array [
        "testStaticSitetablifyprodcertCertificateRequestorFunctionServiceRoleDefaultPolicy074BFEC8",
        "testStaticSitetablifyprodcertCertificateRequestorFunctionServiceRole4F98BC1E",
      ],
      "Properties": Object {
        "Code": Object {
          "S3Bucket": Object {
            "Ref": "AssetParameters19e461d2ff1a5b90438fed6ceee4c197d7efee8712a6f76d85b501ab20bfb1a2S3BucketFCCD3A76",
          },
          "S3Key": Object {
            "Fn::Join": Array [
              "",
              Array [
                Object {
                  "Fn::Select": Array [
                    0,
                    Object {
                      "Fn::Split": Array [
                        "||",
                        Object {
                          "Ref": "AssetParameters19e461d2ff1a5b90438fed6ceee4c197d7efee8712a6f76d85b501ab20bfb1a2S3VersionKey07AF06B6",
                        },
                      ],
                    },
                  ],
                },
                Object {
                  "Fn::Select": Array [
                    1,
                    Object {
                      "Fn::Split": Array [
                        "||",
                        Object {
                          "Ref": "AssetParameters19e461d2ff1a5b90438fed6ceee4c197d7efee8712a6f76d85b501ab20bfb1a2S3VersionKey07AF06B6",
                        },
                      ],
                    },
                  ],
                },
              ],
            ],
          },
        },
        "Handler": "index.certificateRequestHandler",
        "Role": Object {
          "Fn::GetAtt": Array [
            "testStaticSitetablifyprodcertCertificateRequestorFunctionServiceRole4F98BC1E",
            "Arn",
          ],
        },
        "Runtime": "nodejs10.x",
        "Timeout": 900,
      },
      "Type": "AWS::Lambda::Function",
    },
    "testStaticSitetablifyprodcertCertificateRequestorFunctionServiceRole4F98BC1E": Object {
      "Properties": Object {
        "AssumeRolePolicyDocument": Object {
          "Statement": Array [
            Object {
              "Action": "sts:AssumeRole",
              "Effect": "Allow",
              "Principal": Object {
                "Service": "lambda.amazonaws.com",
              },
            },
          ],
          "Version": "2012-10-17",
        },
        "ManagedPolicyArns": Array [
          Object {
            "Fn::Join": Array [
              "",
              Array [
                "arn:",
                Object {
                  "Ref": "AWS::Partition",
                },
                ":iam::aws:policy/service-role/AWSLambdaBasicExecutionRole",
              ],
            ],
          },
        ],
      },
      "Type": "AWS::IAM::Role",
    },
    "testStaticSitetablifyprodcertCertificateRequestorFunctionServiceRoleDefaultPolicy074BFEC8": Object {
      "Properties": Object {
        "PolicyDocument": Object {
          "Statement": Array [
            Object {
              "Action": Array [
                "acm:RequestCertificate",
                "acm:DescribeCertificate",
                "acm:DeleteCertificate",
              ],
              "Effect": "Allow",
              "Resource": "*",
            },
            Object {
              "Action": "route53:GetChange",
              "Effect": "Allow",
              "Resource": "*",
            },
            Object {
              "Action": "route53:changeResourceRecordSets",
              "Effect": "Allow",
              "Resource": Object {
                "Fn::Join": Array [
                  "",
                  Array [
                    "arn:",
                    Object {
                      "Ref": "AWS::Partition",
                    },
                    ":route53:::hostedzone/DUMMY",
                  ],
                ],
              },
            },
          ],
          "Version": "2012-10-17",
        },
        "PolicyName": "testStaticSitetablifyprodcertCertificateRequestorFunctionServiceRoleDefaultPolicy074BFEC8",
        "Roles": Array [
          Object {
            "Ref": "testStaticSitetablifyprodcertCertificateRequestorFunctionServiceRole4F98BC1E",
          },
        ],
      },
      "Type": "AWS::IAM::Policy",
    },
    "testStaticSitetablifyprodcertCertificateRequestorResource3A3455F6": Object {
      "DeletionPolicy": "Delete",
      "Properties": Object {
        "DomainName": "www.test.com",
        "HostedZoneId": "DUMMY",
        "Region": "us-east-1",
        "ServiceToken": Object {
          "Fn::GetAtt": Array [
            "testStaticSitetablifyprodcertCertificateRequestorFunctionEAD6B9FF",
            "Arn",
          ],
        },
      },
      "Type": "AWS::CloudFormation::CustomResource",
      "UpdateReplacePolicy": "Delete",
    },
    "testStaticSitetablifyproddeploymentCustomResourceC4BC15CF": Object {
      "DeletionPolicy": "Delete",
      "Properties": Object {
        "DestinationBucketName": Object {
          "Ref": "testStaticSitetablifyprodbucketEBCA2C99",
        },
        "DistributionId": Object {
          "Ref": "testStaticSitetablifyproddistributionCFDistribution9A8A7215",
        },
        "DistributionPaths": Array [
          "/*",
        ],
        "Prune": true,
        "ServiceToken": Object {
          "Fn::GetAtt": Array [
            "CustomCDKBucketDeployment8693BB64968944B69AAFB0CC9EB8756C81C01536",
            "Arn",
          ],
        },
        "SourceBucketNames": Array [
          Object {
            "Ref": "AssetParametersb103d049d9e8f1b490264222976241c73b1f20519fb69b814a999d8636fb02f1S3Bucket4593222B",
          },
        ],
        "SourceObjectKeys": Array [
          Object {
            "Fn::Join": Array [
              "",
              Array [
                Object {
                  "Fn::Select": Array [
                    0,
                    Object {
                      "Fn::Split": Array [
                        "||",
                        Object {
                          "Ref": "AssetParametersb103d049d9e8f1b490264222976241c73b1f20519fb69b814a999d8636fb02f1S3VersionKey3728D0D2",
                        },
                      ],
                    },
                  ],
                },
                Object {
                  "Fn::Select": Array [
                    1,
                    Object {
                      "Fn::Split": Array [
                        "||",
                        Object {
                          "Ref": "AssetParametersb103d049d9e8f1b490264222976241c73b1f20519fb69b814a999d8636fb02f1S3VersionKey3728D0D2",
                        },
                      ],
                    },
                  ],
                },
              ],
            ],
          },
        ],
      },
      "Type": "Custom::CDKBucketDeployment",
      "UpdateReplacePolicy": "Delete",
    },
    "testStaticSitetablifyproddistributionCFDistribution9A8A7215": Object {
      "Properties": Object {
        "DistributionConfig": Object {
          "Aliases": Array [
            "www.test.com",
          ],
          "DefaultCacheBehavior": Object {
            "AllowedMethods": Array [
              "GET",
              "HEAD",
            ],
            "CachedMethods": Array [
              "GET",
              "HEAD",
            ],
            "Compress": true,
            "ForwardedValues": Object {
              "Cookies": Object {
                "Forward": "none",
              },
              "QueryString": false,
            },
            "TargetOriginId": "origin1",
            "ViewerProtocolPolicy": "redirect-to-https",
          },
          "DefaultRootObject": "index.html",
          "Enabled": true,
          "HttpVersion": "http2",
          "IPV6Enabled": true,
          "Origins": Array [
            Object {
              "ConnectionAttempts": 3,
              "ConnectionTimeout": 10,
              "DomainName": Object {
                "Fn::GetAtt": Array [
                  "testStaticSitetablifyprodbucketEBCA2C99",
                  "RegionalDomainName",
                ],
              },
              "Id": "origin1",
              "S3OriginConfig": Object {},
            },
          ],
          "PriceClass": "PriceClass_100",
          "ViewerCertificate": Object {
            "AcmCertificateArn": Object {
              "Fn::GetAtt": Array [
                "testStaticSitetablifyprodcertCertificateRequestorResource3A3455F6",
                "Arn",
              ],
            },
            "MinimumProtocolVersion": "TLSv1.1_2016",
            "SslSupportMethod": "sni-only",
          },
        },
      },
      "Type": "AWS::CloudFront::Distribution",
    },
    "testStaticSitetablifyproddns858491E9": Object {
      "Properties": Object {
        "AliasTarget": Object {
          "DNSName": Object {
            "Fn::GetAtt": Array [
              "testStaticSitetablifyproddistributionCFDistribution9A8A7215",
              "DomainName",
            ],
          },
          "HostedZoneId": "Z2FDTNDATAQYW2",
        },
        "HostedZoneId": "DUMMY",
        "Name": "www.test.com.",
        "Type": "A",
      },
      "Type": "AWS::Route53::RecordSet",
    },
  },
}
`;
